
           ####      G N O M             Version 5.0 (r12736)      ####
                                               Tue Aug 17 08:18:21 2021

           ####      Configuration                                 ####

    System Type:                   arbitrary monodisperse (job = 0)
    Minimum characteristic size:         0.0000
    Maximum characteristic size:        45.1900
    rad56:                               0.0000
    Force 0.0 at r = rmin:                  yes
    Force 0.0 at r = rmax:                  yes
    Initial alpha:                       0.0000
    Initial random seed:      50577953433264708
    Points in real space:                   221

    Input  1:                      F:/HR-LYS/dat/alys_1.8.dat
    First data point used:                    1
    Last data point used:                   222
    Scaling coefficient:             0.1000E+01
    Experimental setup:            point collimation



           ####      Results                                       ####

    Parameter    DISCRP  OSCILL  STABIL  SYSDEV  POSITV  VALCEN  SMOOTH
    Weight        1.000   3.000   3.000   3.000   1.000   1.000   1.000
    Sigma         0.300   0.600   0.120   0.120   0.120   0.120   0.600
    Ideal         0.700   1.100   0.000   1.000   1.000   0.950   0.000
    Current       0.762   1.466   0.015   0.462   1.000   0.948   0.113
               --------------------------------------------------------
    Estimate      0.958   0.689   0.985   0.000   1.000   1.000   0.965

    Angular range:                       0.0080 to       1.7200
    Reciprocal space Rg:             0.1421E+02
    Reciprocal space I(0):           0.8560E+02

    Real space range:                    0.0000 to      45.1900
    Real space Rg:                   0.1420E+02 +-   0.4941E-01
    Real space I(0):                 0.8560E+02 +-   0.2125E+00

    Highest ALPHA (theor):           0.1697E+04
    Current ALPHA:                   0.4712E+02

    Total Estimate:                      0.6883 (a REASONABLE solution)



           ####      Experimental Data and Fit                     ####

      S          J EXP       ERROR       J REG       I REG

   0.000000E+00                                                0.856030E+02
   0.888889E-03                                                0.855979E+02
   0.177778E-02                                                0.855843E+02
   0.266667E-02                                                0.855615E+02
   0.355556E-02                                                0.855297E+02
   0.444444E-02                                                0.854888E+02
   0.533333E-02                                                0.854389E+02
   0.622222E-02                                                0.853798E+02
   0.711111E-02                                                0.853118E+02
   0.800000E-02   0.865041E+02   0.469173E+01   0.852348E+02   0.852348E+02
   0.900000E-02   0.857199E+02   0.304397E+01   0.851373E+02   0.851373E+02
   0.100000E-01   0.854669E+02   0.247352E+01   0.850286E+02   0.850286E+02
   0.110000E-01   0.855008E+02   0.198612E+01   0.849085E+02   0.849085E+02
   0.120000E-01   0.855117E+02   0.176029E+01   0.847772E+02   0.847772E+02
   0.130000E-01   0.851823E+02   0.151106E+01   0.846347E+02   0.846347E+02
   0.140000E-01   0.845698E+02   0.137086E+01   0.844810E+02   0.844810E+02
   0.150000E-01   0.839832E+02   0.128413E+01   0.843163E+02   0.843163E+02
   0.160000E-01   0.836215E+02   0.116839E+01   0.841405E+02   0.841405E+02
   0.170000E-01   0.841228E+02   0.115601E+01   0.839537E+02   0.839537E+02
   0.180000E-01   0.835221E+02   0.114407E+01   0.837561E+02   0.837561E+02
   0.190000E-01   0.833378E+02   0.106658E+01   0.835476E+02   0.835476E+02
   0.200000E-01   0.833873E+02   0.102597E+01   0.833284E+02   0.833284E+02
   0.210000E-01   0.828074E+02   0.101457E+01   0.830985E+02   0.830985E+02
   0.220000E-01   0.825527E+02   0.980850E+00   0.828581E+02   0.828581E+02
   0.230000E-01   0.825175E+02   0.949460E+00   0.826072E+02   0.826072E+02
   0.240000E-01   0.823259E+02   0.932260E+00   0.823458E+02   0.823458E+02
   0.250000E-01   0.817279E+02   0.918310E+00   0.820742E+02   0.820742E+02
   0.260000E-01   0.816652E+02   0.866150E+00   0.817924E+02   0.817924E+02
   0.270000E-01   0.810105E+02   0.863840E+00   0.815005E+02   0.815005E+02
   0.280000E-01   0.804057E+02   0.878070E+00   0.811986E+02   0.811986E+02
   0.290000E-01   0.796291E+02   0.913000E+00   0.808868E+02   0.808868E+02
   0.300000E-01   0.799251E+02   0.904820E+00   0.805653E+02   0.805653E+02
   0.310000E-01   0.798782E+02   0.868550E+00   0.802341E+02   0.802341E+02
   0.320000E-01   0.796467E+02   0.861080E+00   0.798934E+02   0.798934E+02
   0.330000E-01   0.793135E+02   0.885870E+00   0.795433E+02   0.795433E+02
   0.340000E-01   0.787630E+02   0.903990E+00   0.791839E+02   0.791839E+02
   0.350000E-01   0.783841E+02   0.908880E+00   0.788154E+02   0.788154E+02
   0.360000E-01   0.781886E+02   0.917450E+00   0.784379E+02   0.784379E+02
   0.370000E-01   0.778686E+02   0.934060E+00   0.780515E+02   0.780515E+02
   0.380000E-01   0.771784E+02   0.101734E+01   0.776564E+02   0.776564E+02
   0.390000E-01   0.769008E+02   0.113379E+01   0.772527E+02   0.772527E+02
   0.400000E-01   0.768099E+02   0.109896E+01   0.768406E+02   0.768406E+02
   0.410000E-01   0.756840E+02   0.106552E+01   0.764201E+02   0.764201E+02
   0.420000E-01   0.757579E+02   0.104360E+01   0.759915E+02   0.759915E+02
   0.430000E-01   0.752142E+02   0.100085E+01   0.755549E+02   0.755549E+02
   0.440000E-01   0.743966E+02   0.101025E+01   0.751105E+02   0.751105E+02
   0.450000E-01   0.743524E+02   0.941460E+00   0.746584E+02   0.746584E+02
   0.460000E-01   0.739874E+02   0.904730E+00   0.741988E+02   0.741988E+02
   0.470000E-01   0.739187E+02   0.851200E+00   0.737317E+02   0.737317E+02
   0.480000E-01   0.736779E+02   0.975400E+00   0.732575E+02   0.732575E+02
   0.490000E-01   0.726071E+02   0.805130E+00   0.727763E+02   0.727763E+02
   0.502500E-01   0.726785E+02   0.600290E+00   0.721651E+02   0.721651E+02
   0.520000E-01   0.714275E+02   0.530700E+00   0.712920E+02   0.712920E+02
   0.540000E-01   0.703013E+02   0.520950E+00   0.702703E+02   0.702703E+02
   0.560000E-01   0.693756E+02   0.518600E+00   0.692246E+02   0.692246E+02
   0.580000E-01   0.684891E+02   0.499500E+00   0.681563E+02   0.681563E+02
   0.600000E-01   0.668135E+02   0.504860E+00   0.670667E+02   0.670667E+02
   0.620000E-01   0.662227E+02   0.480020E+00   0.659573E+02   0.659573E+02
   0.640000E-01   0.648444E+02   0.478590E+00   0.648297E+02   0.648297E+02
   0.660000E-01   0.639092E+02   0.461880E+00   0.636851E+02   0.636851E+02
   0.680000E-01   0.624075E+02   0.462970E+00   0.625251E+02   0.625251E+02
   0.700000E-01   0.614954E+02   0.446250E+00   0.613513E+02   0.613513E+02
   0.720000E-01   0.606466E+02   0.442360E+00   0.601649E+02   0.601649E+02
   0.740000E-01   0.591396E+02   0.432760E+00   0.589675E+02   0.589675E+02
   0.760000E-01   0.579232E+02   0.432050E+00   0.577606E+02   0.577606E+02
   0.780000E-01   0.568933E+02   0.418920E+00   0.565457E+02   0.565457E+02
   0.800000E-01   0.555240E+02   0.408940E+00   0.553240E+02   0.553240E+02
   0.820000E-01   0.545470E+02   0.404080E+00   0.540972E+02   0.540972E+02
   0.840000E-01   0.530341E+02   0.404260E+00   0.528665E+02   0.528665E+02
   0.860000E-01   0.517376E+02   0.389030E+00   0.516334E+02   0.516334E+02
   0.880000E-01   0.504203E+02   0.387630E+00   0.503992E+02   0.503992E+02
   0.900000E-01   0.491157E+02   0.378140E+00   0.491653E+02   0.491653E+02
   0.920000E-01   0.480890E+02   0.372220E+00   0.479330E+02   0.479330E+02
   0.940000E-01   0.467249E+02   0.369020E+00   0.467036E+02   0.467036E+02
   0.960000E-01   0.457387E+02   0.459940E+00   0.454784E+02   0.454784E+02
   0.980000E-01   0.448036E+02   0.360410E+00   0.442585E+02   0.442585E+02
   0.100750E+00   0.426045E+02   0.240830E+00   0.425921E+02   0.425921E+02
   0.105000E+00   0.400059E+02   0.213110E+00   0.400481E+02   0.400481E+02
   0.110000E+00   0.369295E+02   0.211770E+00   0.371162E+02   0.371162E+02
   0.115000E+00   0.350288E+02   0.377930E+00   0.342649E+02   0.342649E+02
   0.120000E+00   0.321249E+02   0.661930E+00   0.315080E+02   0.315080E+02
   0.125000E+00   0.293454E+02   0.362300E+00   0.288575E+02   0.288575E+02
   0.130000E+00   0.266921E+02   0.356250E+00   0.263235E+02   0.263235E+02
   0.135000E+00   0.241954E+02   0.292700E+00   0.239144E+02   0.239144E+02
   0.140000E+00   0.217961E+02   0.253560E+00   0.216368E+02   0.216368E+02
   0.145000E+00   0.195989E+02   0.192010E+00   0.194954E+02   0.194954E+02
   0.150000E+00   0.176089E+02   0.220970E+00   0.174934E+02   0.174934E+02
   0.155000E+00   0.157071E+02   0.229810E+00   0.156323E+02   0.156323E+02
   0.160000E+00   0.139154E+02   0.183760E+00   0.139119E+02   0.139119E+02
   0.165000E+00   0.123824E+02   0.181620E+00   0.123310E+02   0.123310E+02
   0.170000E+00   0.109336E+02   0.163730E+00   0.108867E+02   0.108867E+02
   0.175000E+00   0.959297E+01   0.153300E+00   0.957538E+01   0.957538E+01
   0.180000E+00   0.832739E+01   0.182920E+00   0.839221E+01   0.839221E+01
   0.185000E+00   0.728846E+01   0.133070E+00   0.733160E+01   0.733160E+01
   0.190000E+00   0.629421E+01   0.137550E+00   0.638727E+01   0.638727E+01
   0.195000E+00   0.547668E+01   0.148270E+00   0.555245E+01   0.555245E+01
   0.200000E+00   0.478177E+01   0.125550E+00   0.481994E+01   0.481994E+01
   0.205000E+00   0.412910E+01   0.144300E+00   0.418231E+01   0.418231E+01
   0.210000E+00   0.365408E+01   0.142030E+00   0.363199E+01   0.363199E+01
   0.215000E+00   0.313790E+01   0.108750E+00   0.316141E+01   0.316141E+01
   0.220000E+00   0.272333E+01   0.107180E+00   0.276307E+01   0.276307E+01
   0.225000E+00   0.240861E+01   0.124190E+00   0.242966E+01   0.242966E+01
   0.230000E+00   0.210976E+01   0.102180E+00   0.215411E+01   0.215411E+01
   0.235000E+00   0.183819E+01   0.150720E+00   0.192967E+01   0.192967E+01
   0.240000E+00   0.164126E+01   0.100300E+00   0.174998E+01   0.174998E+01
   0.245000E+00   0.160099E+01   0.949200E-01   0.160905E+01   0.160905E+01
   0.250000E+00   0.148515E+01   0.800900E-01   0.150136E+01   0.150136E+01
   0.255000E+00   0.142307E+01   0.879400E-01   0.142182E+01   0.142182E+01
   0.260000E+00   0.131764E+01   0.103630E+00   0.136580E+01   0.136580E+01
   0.265000E+00   0.126100E+01   0.100170E+00   0.132912E+01   0.132912E+01
   0.270000E+00   0.126316E+01   0.124520E+00   0.130809E+01   0.130809E+01
   0.275000E+00   0.123368E+01   0.115190E+00   0.129936E+01   0.129936E+01
   0.280000E+00   0.122780E+01   0.155980E+00   0.130007E+01   0.130007E+01
   0.285000E+00   0.126787E+01   0.151910E+00   0.130771E+01   0.130771E+01
   0.290000E+00   0.134423E+01   0.829600E-01   0.132013E+01   0.132013E+01
   0.295000E+00   0.137317E+01   0.122940E+00   0.133550E+01   0.133550E+01
   0.300000E+00   0.136288E+01   0.771600E-01   0.135230E+01   0.135230E+01
   0.305000E+00   0.136917E+01   0.736800E-01   0.136927E+01   0.136927E+01
   0.310000E+00   0.137917E+01   0.966400E-01   0.138539E+01   0.138539E+01
   0.315000E+00   0.140373E+01   0.106280E+00   0.139983E+01   0.139983E+01
   0.320000E+00   0.139847E+01   0.120640E+00   0.141198E+01   0.141198E+01
   0.325000E+00   0.140942E+01   0.213300E+00   0.142135E+01   0.142135E+01
   0.330000E+00   0.144590E+01   0.133220E+00   0.142762E+01   0.142762E+01
   0.335000E+00   0.146612E+01   0.390570E+00   0.143055E+01   0.143055E+01
   0.340000E+00   0.142708E+01   0.903200E-01   0.143003E+01   0.143003E+01
   0.345000E+00   0.142963E+01   0.139080E+00   0.142602E+01   0.142602E+01
   0.350000E+00   0.141662E+01   0.103470E+00   0.141856E+01   0.141856E+01
   0.355000E+00   0.139969E+01   0.852700E-01   0.140772E+01   0.140772E+01
   0.360000E+00   0.138755E+01   0.101770E+00   0.139366E+01   0.139366E+01
   0.365000E+00   0.138188E+01   0.824700E-01   0.137655E+01   0.137655E+01
   0.370000E+00   0.138204E+01   0.821100E-01   0.135661E+01   0.135661E+01
   0.375000E+00   0.136049E+01   0.692500E-01   0.133408E+01   0.133408E+01
   0.380000E+00   0.136715E+01   0.664400E-01   0.130922E+01   0.130922E+01
   0.385000E+00   0.132474E+01   0.688600E-01   0.128231E+01   0.128231E+01
   0.390000E+00   0.128524E+01   0.643600E-01   0.125367E+01   0.125367E+01
   0.395000E+00   0.120981E+01   0.776200E-01   0.122359E+01   0.122359E+01
   0.400000E+00   0.118463E+01   0.157080E+00   0.119238E+01   0.119238E+01
   0.405000E+00   0.116868E+01   0.703500E-01   0.116037E+01   0.116037E+01
   0.410000E+00   0.113333E+01   0.610900E-01   0.112787E+01   0.112787E+01
   0.415000E+00   0.110731E+01   0.155530E+00   0.109519E+01   0.109519E+01
   0.420000E+00   0.105523E+01   0.928500E-01   0.106264E+01   0.106264E+01
   0.425000E+00   0.103993E+01   0.639400E-01   0.103051E+01   0.103051E+01
   0.430000E+00   0.996420E+00   0.850400E-01   0.999081E+00   0.999081E+00
   0.435000E+00   0.949520E+00   0.893500E-01   0.968613E+00   0.968613E+00
   0.440000E+00   0.927840E+00   0.123420E+00   0.939338E+00   0.939338E+00
   0.445000E+00   0.881500E+00   0.127740E+00   0.911488E+00   0.911488E+00
   0.450000E+00   0.869570E+00   0.914400E-01   0.885253E+00   0.885253E+00
   0.455000E+00   0.814420E+00   0.661100E-01   0.860846E+00   0.860846E+00
   0.460000E+00   0.813290E+00   0.769300E-01   0.838266E+00   0.838266E+00
   0.465000E+00   0.805050E+00   0.112700E+00   0.817766E+00   0.817766E+00
   0.470000E+00   0.795120E+00   0.884600E-01   0.799381E+00   0.799381E+00
   0.475000E+00   0.758350E+00   0.935600E-01   0.783162E+00   0.783162E+00
   0.480000E+00   0.764090E+00   0.648100E-01   0.769134E+00   0.769134E+00
   0.485000E+00   0.737700E+00   0.774900E-01   0.757291E+00   0.757291E+00
   0.490000E+00   0.711370E+00   0.864600E-01   0.747605E+00   0.747605E+00
   0.495000E+00   0.732440E+00   0.635800E-01   0.740018E+00   0.740018E+00
   0.501250E+00   0.733040E+00   0.570350E+00   0.733364E+00   0.733364E+00
   0.510000E+00   0.706820E+00   0.511900E-01   0.728962E+00   0.728962E+00
   0.520000E+00   0.711330E+00   0.461000E-01   0.730121E+00   0.730121E+00
   0.530000E+00   0.721090E+00   0.583200E-01   0.736685E+00   0.736685E+00
   0.540000E+00   0.745040E+00   0.552800E-01   0.747296E+00   0.747296E+00
   0.550000E+00   0.758490E+00   0.595300E-01   0.760471E+00   0.760471E+00
   0.560000E+00   0.756400E+00   0.786100E-01   0.774766E+00   0.774766E+00
   0.570000E+00   0.787910E+00   0.721600E-01   0.788784E+00   0.788784E+00
   0.580000E+00   0.810390E+00   0.710600E-01   0.801243E+00   0.801243E+00
   0.590000E+00   0.836070E+00   0.649000E-01   0.811019E+00   0.811019E+00
   0.600000E+00   0.822400E+00   0.566400E-01   0.817183E+00   0.817183E+00
   0.610000E+00   0.833440E+00   0.486400E-01   0.819032E+00   0.819032E+00
   0.620000E+00   0.823450E+00   0.847600E-01   0.816100E+00   0.816100E+00
   0.630000E+00   0.833710E+00   0.780300E-01   0.808180E+00   0.808180E+00
   0.640000E+00   0.848130E+00   0.549200E-01   0.795313E+00   0.795313E+00
   0.650000E+00   0.833870E+00   0.514000E-01   0.777782E+00   0.777782E+00
   0.660000E+00   0.791020E+00   0.759400E-01   0.756083E+00   0.756083E+00
   0.670000E+00   0.805270E+00   0.788000E-01   0.730889E+00   0.730889E+00
   0.680000E+00   0.747750E+00   0.132700E+00   0.703020E+00   0.703020E+00
   0.690000E+00   0.686590E+00   0.531700E-01   0.673314E+00   0.673314E+00
   0.700000E+00   0.659680E+00   0.514300E-01   0.642716E+00   0.642716E+00
   0.710000E+00   0.603700E+00   0.573300E-01   0.612077E+00   0.612077E+00
   0.720000E+00   0.548480E+00   0.760100E-01   0.582184E+00   0.582184E+00
   0.730000E+00   0.537850E+00   0.446900E-01   0.553684E+00   0.553684E+00
   0.740000E+00   0.498880E+00   0.442400E+00   0.527092E+00   0.527092E+00
   0.750000E+00   0.509960E+00   0.529600E-01   0.502748E+00   0.502748E+00
   0.760000E+00   0.460750E+00   0.627100E-01   0.480833E+00   0.480833E+00
   0.770000E+00   0.416020E+00   0.116570E+00   0.461383E+00   0.461383E+00
   0.780000E+00   0.426770E+00   0.563600E-01   0.444310E+00   0.444310E+00
   0.790000E+00   0.441550E+00   0.603800E-01   0.429438E+00   0.429438E+00
   0.800000E+00   0.378950E+00   0.590300E-01   0.416536E+00   0.416536E+00
   0.810000E+00   0.367660E+00   0.651700E-01   0.405346E+00   0.405346E+00
   0.820000E+00   0.393820E+00   0.589600E-01   0.395617E+00   0.395617E+00
   0.830000E+00   0.351860E+00   0.597600E-01   0.387121E+00   0.387121E+00
   0.840000E+00   0.332220E+00   0.539200E-01   0.379668E+00   0.379668E+00
   0.850000E+00   0.383830E+00   0.650600E-01   0.373112E+00   0.373112E+00
   0.860000E+00   0.341160E+00   0.672100E-01   0.367344E+00   0.367344E+00
   0.870000E+00   0.360740E+00   0.578600E-01   0.362294E+00   0.362294E+00
   0.880000E+00   0.360460E+00   0.510400E-01   0.357906E+00   0.357906E+00
   0.890000E+00   0.345500E+00   0.635600E-01   0.354147E+00   0.354147E+00
   0.900000E+00   0.371930E+00   0.577400E-01   0.350984E+00   0.350984E+00
   0.910000E+00   0.360580E+00   0.559300E-01   0.348380E+00   0.348380E+00
   0.920000E+00   0.311320E+00   0.767000E-01   0.346281E+00   0.346281E+00
   0.930000E+00   0.287540E+00   0.517200E-01   0.344640E+00   0.344640E+00
   0.940000E+00   0.316160E+00   0.631300E-01   0.343391E+00   0.343391E+00
   0.950000E+00   0.323630E+00   0.185440E+00   0.342472E+00   0.342472E+00
   0.960000E+00   0.334240E+00   0.560400E-01   0.341821E+00   0.341821E+00
   0.970000E+00   0.323430E+00   0.499600E-01   0.341388E+00   0.341388E+00
   0.980000E+00   0.352240E+00   0.695200E-01   0.341134E+00   0.341134E+00
   0.990000E+00   0.363170E+00   0.737000E-01   0.341041E+00   0.341041E+00
   0.100500E+01   0.344750E+00   0.544400E-01   0.341198E+00   0.341198E+00
   0.103000E+01   0.318980E+00   0.457800E-01   0.342440E+00   0.342440E+00
   0.106000E+01   0.342690E+00   0.488000E-01   0.346306E+00   0.346306E+00
   0.109000E+01   0.312770E+00   0.532800E-01   0.353574E+00   0.353574E+00
   0.112000E+01   0.346940E+00   0.842800E-01   0.364125E+00   0.364125E+00
   0.115000E+01   0.342470E+00   0.743500E-01   0.376742E+00   0.376742E+00
   0.118000E+01   0.364310E+00   0.951200E-01   0.389813E+00   0.389813E+00
   0.121000E+01   0.395610E+00   0.794400E-01   0.402182E+00   0.402182E+00
   0.124000E+01   0.416880E+00   0.832700E-01   0.413379E+00   0.413379E+00
   0.127000E+01   0.466960E+00   0.189320E+00   0.423111E+00   0.423111E+00
   0.130000E+01   0.507840E+00   0.965100E-01   0.430699E+00   0.430699E+00
   0.133000E+01   0.554870E+00   0.997200E-01   0.435124E+00   0.435124E+00
   0.136000E+01   0.626110E+00   0.110620E+00   0.435640E+00   0.435640E+00
   0.139000E+01   0.602730E+00   0.110720E+00   0.432198E+00   0.432198E+00
   0.142000E+01   0.615380E+00   0.102070E+00   0.425243E+00   0.425243E+00
   0.145000E+01   0.599020E+00   0.104660E+00   0.415208E+00   0.415208E+00
   0.148000E+01   0.585180E+00   0.101890E+00   0.402423E+00   0.402423E+00
   0.151000E+01   0.533520E+00   0.105100E+00   0.387420E+00   0.387420E+00
   0.154000E+01   0.465440E+00   0.107060E+00   0.371171E+00   0.371171E+00
   0.157000E+01   0.410940E+00   0.116230E+00   0.354655E+00   0.354655E+00
   0.160000E+01   0.362570E+00   0.262450E+00   0.338584E+00   0.338584E+00
   0.163000E+01   0.295630E+00   0.116650E+00   0.323311E+00   0.323311E+00
   0.166000E+01   0.238180E+00   0.146200E+00   0.309134E+00   0.309134E+00
   0.169000E+01   0.703700E-01   0.128640E+00   0.296396E+00   0.296396E+00
   0.172000E+01   0.610000E-01   0.136840E+00   0.285231E+00   0.285231E+00

           ####      Real Space Data                               ####

           Distance distribution  function of particle  


      R          P(R)      ERROR

  0.0000E+00  0.0000E+00  0.0000E+00
  0.2054E+00  0.1243E-01  0.9040E-03
  0.4108E+00  0.2190E-01  0.1441E-02
  0.6162E+00  0.2858E-01  0.1646E-02
  0.8216E+00  0.3273E-01  0.1574E-02
  0.1027E+01  0.3470E-01  0.1304E-02
  0.1232E+01  0.3492E-01  0.9622E-03
  0.1438E+01  0.3386E-01  0.7902E-03
  0.1643E+01  0.3201E-01  0.1003E-02
  0.1849E+01  0.2986E-01  0.1406E-02
  0.2054E+01  0.2787E-01  0.1792E-02
  0.2260E+01  0.2646E-01  0.2076E-02
  0.2465E+01  0.2596E-01  0.2226E-02
  0.2670E+01  0.2664E-01  0.2239E-02
  0.2876E+01  0.2865E-01  0.2137E-02
  0.3081E+01  0.3207E-01  0.1966E-02
  0.3287E+01  0.3683E-01  0.1793E-02
  0.3492E+01  0.4282E-01  0.1689E-02
  0.3697E+01  0.4982E-01  0.1703E-02
  0.3903E+01  0.5755E-01  0.1820E-02
  0.4108E+01  0.6569E-01  0.1980E-02
  0.4314E+01  0.7392E-01  0.2126E-02
  0.4519E+01  0.8190E-01  0.2220E-02
  0.4724E+01  0.8933E-01  0.2250E-02
  0.4930E+01  0.9597E-01  0.2223E-02
  0.5135E+01  0.1016E+00  0.2163E-02
  0.5341E+01  0.1062E+00  0.2102E-02
  0.5546E+01  0.1097E+00  0.2068E-02
  0.5751E+01  0.1121E+00  0.2079E-02
  0.5957E+01  0.1137E+00  0.2129E-02
  0.6162E+01  0.1145E+00  0.2199E-02
  0.6368E+01  0.1150E+00  0.2266E-02
  0.6573E+01  0.1153E+00  0.2311E-02
  0.6779E+01  0.1158E+00  0.2327E-02
  0.6984E+01  0.1167E+00  0.2314E-02
  0.7189E+01  0.1184E+00  0.2280E-02
  0.7395E+01  0.1210E+00  0.2235E-02
  0.7600E+01  0.1246E+00  0.2190E-02
  0.7806E+01  0.1294E+00  0.2150E-02
  0.8011E+01  0.1353E+00  0.2118E-02
  0.8216E+01  0.1422E+00  0.2093E-02
  0.8422E+01  0.1500E+00  0.2074E-02
  0.8627E+01  0.1586E+00  0.2062E-02
  0.8833E+01  0.1676E+00  0.2063E-02
  0.9038E+01  0.1769E+00  0.2080E-02
  0.9243E+01  0.1862E+00  0.2118E-02
  0.9449E+01  0.1953E+00  0.2174E-02
  0.9654E+01  0.2040E+00  0.2242E-02
  0.9860E+01  0.2122E+00  0.2310E-02
  0.1007E+02  0.2197E+00  0.2369E-02
  0.1027E+02  0.2266E+00  0.2413E-02
  0.1048E+02  0.2327E+00  0.2438E-02
  0.1068E+02  0.2382E+00  0.2448E-02
  0.1089E+02  0.2432E+00  0.2447E-02
  0.1109E+02  0.2478E+00  0.2443E-02
  0.1130E+02  0.2520E+00  0.2440E-02
  0.1150E+02  0.2561E+00  0.2440E-02
  0.1171E+02  0.2601E+00  0.2442E-02
  0.1191E+02  0.2640E+00  0.2440E-02
  0.1212E+02  0.2681E+00  0.2432E-02
  0.1232E+02  0.2722E+00  0.2415E-02
  0.1253E+02  0.2764E+00  0.2393E-02
  0.1274E+02  0.2807E+00  0.2371E-02
  0.1294E+02  0.2849E+00  0.2357E-02
  0.1315E+02  0.2891E+00  0.2360E-02
  0.1335E+02  0.2931E+00  0.2381E-02
  0.1356E+02  0.2968E+00  0.2419E-02
  0.1376E+02  0.3002E+00  0.2464E-02
  0.1397E+02  0.3033E+00  0.2508E-02
  0.1417E+02  0.3059E+00  0.2540E-02
  0.1438E+02  0.3082E+00  0.2553E-02
  0.1458E+02  0.3101E+00  0.2547E-02
  0.1479E+02  0.3116E+00  0.2523E-02
  0.1499E+02  0.3129E+00  0.2492E-02
  0.1520E+02  0.3140E+00  0.2466E-02
  0.1541E+02  0.3149E+00  0.2455E-02
  0.1561E+02  0.3158E+00  0.2468E-02
  0.1582E+02  0.3168E+00  0.2505E-02
  0.1602E+02  0.3178E+00  0.2561E-02
  0.1623E+02  0.3189E+00  0.2624E-02
  0.1643E+02  0.3202E+00  0.2681E-02
  0.1664E+02  0.3217E+00  0.2720E-02
  0.1684E+02  0.3233E+00  0.2734E-02
  0.1705E+02  0.3250E+00  0.2719E-02
  0.1725E+02  0.3268E+00  0.2679E-02
  0.1746E+02  0.3287E+00  0.2623E-02
  0.1767E+02  0.3306E+00  0.2564E-02
  0.1787E+02  0.3325E+00  0.2516E-02
  0.1808E+02  0.3343E+00  0.2492E-02
  0.1828E+02  0.3360E+00  0.2498E-02
  0.1849E+02  0.3376E+00  0.2533E-02
  0.1869E+02  0.3390E+00  0.2587E-02
  0.1890E+02  0.3402E+00  0.2644E-02
  0.1910E+02  0.3413E+00  0.2692E-02
  0.1931E+02  0.3421E+00  0.2718E-02
  0.1951E+02  0.3427E+00  0.2716E-02
  0.1972E+02  0.3431E+00  0.2685E-02
  0.1992E+02  0.3432E+00  0.2630E-02
  0.2013E+02  0.3431E+00  0.2559E-02
  0.2034E+02  0.3427E+00  0.2484E-02
  0.2054E+02  0.3419E+00  0.2415E-02
  0.2075E+02  0.3408E+00  0.2361E-02
  0.2095E+02  0.3393E+00  0.2324E-02
  0.2116E+02  0.3374E+00  0.2302E-02
  0.2136E+02  0.3352E+00  0.2289E-02
  0.2157E+02  0.3324E+00  0.2281E-02
  0.2177E+02  0.3293E+00  0.2271E-02
  0.2198E+02  0.3257E+00  0.2260E-02
  0.2218E+02  0.3217E+00  0.2247E-02
  0.2239E+02  0.3173E+00  0.2239E-02
  0.2259E+02  0.3126E+00  0.2239E-02
  0.2280E+02  0.3075E+00  0.2252E-02
  0.2301E+02  0.3021E+00  0.2279E-02
  0.2321E+02  0.2965E+00  0.2320E-02
  0.2342E+02  0.2906E+00  0.2371E-02
  0.2362E+02  0.2846E+00  0.2429E-02
  0.2383E+02  0.2783E+00  0.2489E-02
  0.2403E+02  0.2720E+00  0.2549E-02
  0.2424E+02  0.2656E+00  0.2609E-02
  0.2444E+02  0.2591E+00  0.2667E-02
  0.2465E+02  0.2526E+00  0.2723E-02
  0.2485E+02  0.2460E+00  0.2775E-02
  0.2506E+02  0.2395E+00  0.2822E-02
  0.2527E+02  0.2329E+00  0.2859E-02
  0.2547E+02  0.2264E+00  0.2883E-02
  0.2568E+02  0.2200E+00  0.2890E-02
  0.2588E+02  0.2136E+00  0.2875E-02
  0.2609E+02  0.2074E+00  0.2838E-02
  0.2629E+02  0.2012E+00  0.2777E-02
  0.2650E+02  0.1952E+00  0.2695E-02
  0.2670E+02  0.1893E+00  0.2596E-02
  0.2691E+02  0.1836E+00  0.2488E-02
  0.2711E+02  0.1780E+00  0.2380E-02
  0.2732E+02  0.1726E+00  0.2282E-02
  0.2752E+02  0.1673E+00  0.2207E-02
  0.2773E+02  0.1622E+00  0.2166E-02
  0.2794E+02  0.1573E+00  0.2165E-02
  0.2814E+02  0.1525E+00  0.2206E-02
  0.2835E+02  0.1478E+00  0.2283E-02
  0.2855E+02  0.1433E+00  0.2388E-02
  0.2876E+02  0.1389E+00  0.2507E-02
  0.2896E+02  0.1345E+00  0.2631E-02
  0.2917E+02  0.1303E+00  0.2748E-02
  0.2937E+02  0.1262E+00  0.2851E-02
  0.2958E+02  0.1222E+00  0.2934E-02
  0.2978E+02  0.1183E+00  0.2993E-02
  0.2999E+02  0.1145E+00  0.3026E-02
  0.3020E+02  0.1108E+00  0.3034E-02
  0.3040E+02  0.1071E+00  0.3018E-02
  0.3061E+02  0.1036E+00  0.2981E-02
  0.3081E+02  0.1001E+00  0.2930E-02
  0.3102E+02  0.9674E-01  0.2871E-02
  0.3122E+02  0.9344E-01  0.2813E-02
  0.3143E+02  0.9020E-01  0.2765E-02
  0.3163E+02  0.8702E-01  0.2737E-02
  0.3184E+02  0.8389E-01  0.2735E-02
  0.3204E+02  0.8081E-01  0.2764E-02
  0.3225E+02  0.7776E-01  0.2823E-02
  0.3245E+02  0.7474E-01  0.2905E-02
  0.3266E+02  0.7175E-01  0.3003E-02
  0.3287E+02  0.6879E-01  0.3105E-02
  0.3307E+02  0.6585E-01  0.3201E-02
  0.3328E+02  0.6295E-01  0.3281E-02
  0.3348E+02  0.6010E-01  0.3338E-02
  0.3369E+02  0.5729E-01  0.3367E-02
  0.3389E+02  0.5453E-01  0.3368E-02
  0.3410E+02  0.5184E-01  0.3342E-02
  0.3430E+02  0.4923E-01  0.3291E-02
  0.3451E+02  0.4669E-01  0.3223E-02
  0.3471E+02  0.4423E-01  0.3144E-02
  0.3492E+02  0.4186E-01  0.3064E-02
  0.3512E+02  0.3959E-01  0.2990E-02
  0.3533E+02  0.3740E-01  0.2931E-02
  0.3554E+02  0.3531E-01  0.2889E-02
  0.3574E+02  0.3331E-01  0.2868E-02
  0.3595E+02  0.3141E-01  0.2866E-02
  0.3615E+02  0.2959E-01  0.2878E-02
  0.3636E+02  0.2788E-01  0.2898E-02
  0.3656E+02  0.2625E-01  0.2922E-02
  0.3677E+02  0.2472E-01  0.2943E-02
  0.3697E+02  0.2327E-01  0.2957E-02
  0.3718E+02  0.2192E-01  0.2963E-02
  0.3738E+02  0.2065E-01  0.2961E-02
  0.3759E+02  0.1947E-01  0.2952E-02
  0.3780E+02  0.1837E-01  0.2940E-02
  0.3800E+02  0.1733E-01  0.2927E-02
  0.3821E+02  0.1636E-01  0.2918E-02
  0.3841E+02  0.1545E-01  0.2915E-02
  0.3862E+02  0.1457E-01  0.2918E-02
  0.3882E+02  0.1374E-01  0.2929E-02
  0.3903E+02  0.1293E-01  0.2948E-02
  0.3923E+02  0.1214E-01  0.2971E-02
  0.3944E+02  0.1136E-01  0.2999E-02
  0.3964E+02  0.1059E-01  0.3028E-02
  0.3985E+02  0.9831E-02  0.3059E-02
  0.4005E+02  0.9081E-02  0.3089E-02
  0.4026E+02  0.8343E-02  0.3117E-02
  0.4047E+02  0.7624E-02  0.3141E-02
  0.4067E+02  0.6930E-02  0.3158E-02
  0.4088E+02  0.6268E-02  0.3165E-02
  0.4108E+02  0.5644E-02  0.3160E-02
  0.4129E+02  0.5065E-02  0.3141E-02
  0.4149E+02  0.4535E-02  0.3105E-02
  0.4170E+02  0.4056E-02  0.3052E-02
  0.4190E+02  0.3628E-02  0.2982E-02
  0.4211E+02  0.3249E-02  0.2897E-02
  0.4231E+02  0.2913E-02  0.2800E-02
  0.4252E+02  0.2616E-02  0.2692E-02
  0.4273E+02  0.2349E-02  0.2578E-02
  0.4293E+02  0.2105E-02  0.2460E-02
  0.4314E+02  0.1877E-02  0.2338E-02
  0.4334E+02  0.1660E-02  0.2211E-02
  0.4355E+02  0.1447E-02  0.2078E-02
  0.4375E+02  0.1237E-02  0.1934E-02
  0.4396E+02  0.1029E-02  0.1772E-02
  0.4416E+02  0.8239E-03  0.1585E-02
  0.4437E+02  0.6256E-03  0.1366E-02
  0.4457E+02  0.4386E-03  0.1105E-02
  0.4478E+02  0.2682E-03  0.7953E-03
  0.4498E+02  0.1202E-03  0.4291E-03
  0.4519E+02  0.0000E+00  0.0000E+00
